// Jest Snapshot v1, https://goo.gl/fbAQLP

exports[`renders correctly 1`] = `
<View
  style={
    Object {
      "padding": 20,
    }
  }
>
  <View>
    <RNCPicker
      items={
        Array [
          Object {
            "label": "Imperial",
            "testID": undefined,
            "textColor": undefined,
            "value": 0,
          },
          Object {
            "label": "Metric",
            "testID": undefined,
            "textColor": undefined,
            "value": 1,
          },
        ]
      }
      numberOfLines={1}
      onChange={[Function]}
      selectedIndex={0}
      style={
        Array [
          Object {
            "height": 216,
          },
          undefined,
        ]
      }
    />
  </View>
  <Text>
    Weight
  </Text>
  <View
    style={
      Object {
        "flex": 1,
        "flexDirection": "row",
        "justifyContent": "space-around",
      }
    }
  >
    <TextInput
      keyboardType="numeric"
      onChangeText={[Function]}
      value="0"
    />
    <Text>
      lb
    </Text>
  </View>
  <Text>
    Height
  </Text>
  <View
    style={
      Object {
        "flex": 1,
        "flexDirection": "row",
        "justifyContent": "space-around",
      }
    }
  >
    <TextInput
      keyboardType="numeric"
      onChangeText={[Function]}
      style={
        Object {
          "borderColor": "black",
          "padding": 10,
        }
      }
      value="0"
    />
    <Text>
      ft
    </Text>
  </View>
  <View
    style={
      Object {
        "flex": 1,
        "flexDirection": "row",
        "justifyContent": "space-around",
      }
    }
  >
    <TextInput
      keyboardType="numeric"
      onChangeText={[Function]}
      style={
        Object {
          "borderColor": "black",
          "padding": 10,
        }
      }
      value="0"
    />
    <Text>
      in
    </Text>
  </View>
  <View
    accessible={true}
    collapsable={false}
    focusable={true}
    onClick={[Function]}
    onResponderGrant={[Function]}
    onResponderMove={[Function]}
    onResponderRelease={[Function]}
    onResponderTerminate={[Function]}
    onResponderTerminationRequest={[Function]}
    onStartShouldSetResponder={[Function]}
    style={
      Object {
        "backgroundColor": "#228B22",
        "borderRadius": 20,
        "marginTop": 20,
        "opacity": 1,
        "padding": 10,
      }
    }
  >
    <Text
      style={
        Object {
          "color": "#fff",
          "textAlign": "center",
        }
      }
    >
      Save
    </Text>
  </View>
</View>
`;
